<div class="test_parent">
<div class="inside_div">
<div class="inside_div">
<div class="inside_div">
<div class="inside_div">
<div class="block_end">
