<img src="http://4.bp.blogspot.com/-JOqxgp-ZWe0/U3BtyEQlEiI/AAAAAAAAOfg/Doq6Q2MwIKA/s1600/google-logo-874x288.png" alt="google"/>
<img src="http://randompicdumps.com/wp-content/uploads/2011/05/Random-facts-14-copy.jpg" alt="random"/>
